// Jest Snapshot v1, https://goo.gl/fbAQLP

exports[`enhanceElement #01 snapshot 1`] = `
<code
  class="executable js"
>
  window.callback()
</code>
`;

exports[`enhanceElement #01 snapshot 2`] = `
<code
  class="executable js"
>
  <button
    class="execute"
    style="float: right;"
  >
    â–¶
  </button>
  window.callback()
</code>
`;
