// Jest Snapshot v1, https://goo.gl/fbAQLP

exports[`compile #01 basic 1`] = `
"<pre><code class=\\"executable js\\" data-compiled-code=\\"&quot;use strict&quot;;

var foo = 1,
    bar = 2;\\">let [foo, bar] = [1, 2]</code></pre>"
`;
